[responsiveexpert.com/themes/alamben/html/index.html]
[backblue.gif]
[fade.gif]
[index.html]
[responsiveexpert.com/themes/alamben/html/img/favicon.ico]
[responsiveexpert.com/themes/alamben/html/img/top-logo.png]
[responsiveexpert.com/themes/alamben/html/one-page.html]
[responsiveexpert.com/themes/alamben/html/index-1.html]
[responsiveexpert.com/themes/alamben/html/one-page-1.html]
[responsiveexpert.com/themes/alamben/html/about.html]
[responsiveexpert.com/themes/alamben/html/services.html]
[responsiveexpert.com/themes/alamben/html/pricing.html]
[responsiveexpert.com/themes/alamben/html/blog.html]
[responsiveexpert.com/themes/alamben/html/blog-detail.html]
[responsiveexpert.com/themes/alamben/html/typography.html]
[responsiveexpert.com/themes/alamben/html/shortcodes.html]
[responsiveexpert.com/themes/alamben/html/contact.html]
[responsiveexpert.com/themes/alamben/html/img/banner-bg.jpg]
[responsiveexpert.com/themes/alamben/html/img/banner-1.png]
[responsiveexpert.com/themes/alamben/html/img/banner-2.png]
[responsiveexpert.com/themes/alamben/html/img/software.png]
[responsiveexpert.com/themes/alamben/html/img/key-skills.png]
[responsiveexpert.com/themes/alamben/html/img/make-different.png]
[responsiveexpert.com/themes/alamben/html/img/fun-fact.jpg]
[responsiveexpert.com/themes/alamben/html/img/women.png]
[responsiveexpert.com/themes/alamben/html/img/testimonial-bg.jpg]
[responsiveexpert.com/themes/alamben/html/img/testimonial-1.jpg]
[responsiveexpert.com/themes/alamben/html/img/testimonial-2.jpg]
[responsiveexpert.com/themes/alamben/html/img/testimonial-3.jpg]
[responsiveexpert.com/themes/alamben/html/img/testimonial-4.jpg]
[responsiveexpert.com/themes/alamben/html/img/home-blog-1.jpg]
[responsiveexpert.com/themes/alamben/html/img/home-blog-2.jpg]
[responsiveexpert.com/themes/alamben/html/img/home-blog-3.jpg]
[responsiveexpert.com/themes/alamben/html/img/download-app.jpg]
[responsiveexpert.com/themes/alamben/html/img/client-1.png]
[responsiveexpert.com/themes/alamben/html/img/client-2.png]
[responsiveexpert.com/themes/alamben/html/img/client-3.png]
[responsiveexpert.com/themes/alamben/html/img/client-4.png]
[responsiveexpert.com/themes/alamben/html/img/client-5.png]
[responsiveexpert.com/themes/alamben/html/img/client-6.png]
[responsiveexpert.com/themes/alamben/html/img/footer-logo.png]
[responsiveexpert.com/themes/alamben/html/js/jquery.js]
[responsiveexpert.com/themes/alamben/html/js/owl.carousel.js]
[responsiveexpert.com/themes/alamben/html/js/owl-carousel-settings.js]
[responsiveexpert.com/themes/alamben/html/js/jquery.flexslider.js]
[responsiveexpert.com/themes/alamben/html/js/mini-grid.js]
[responsiveexpert.com/themes/alamben/html/js/settings.js]
[responsiveexpert.com/themes/alamben/html/js/bootstrap.js]
[responsiveexpert.com/themes/alamben/html/js/featherlight.min.js]
[responsiveexpert.com/themes/alamben/html/js/forms.js]
[responsiveexpert.com/themes/alamben/html/js/animation.js]
[responsiveexpert.com/themes/alamben/html/index.html]
[responsiveexpert.com/themes/alamben/html/css/bootstrap.css]
[responsiveexpert.com/themes/alamben/html/font-awesome/fonts/fontawesome-webfont5b62.eot]
[responsiveexpert.com/themes/alamben/html/font-awesome/fonts/fontawesome-webfontd41d.eot]
[responsiveexpert.com/themes/alamben/html/font-awesome/fonts/fontawesome-webfont5b62.woff]
[responsiveexpert.com/themes/alamben/html/font-awesome/fonts/fontawesome-webfont5b62.ttf]
[responsiveexpert.com/themes/alamben/html/font-awesome/css/font-awesome.min.css]
[responsiveexpert.com/themes/alamben/html/css/animate.min.css]
[responsiveexpert.com/themes/alamben/html/css/flexslider.css]
[responsiveexpert.com/themes/alamben/html/img/loader.gif]
[responsiveexpert.com/themes/alamben/html/img/globe-inner.png]
[responsiveexpert.com/themes/alamben/html/img/close.png]
[responsiveexpert.com/themes/alamben/html/img/special-btn-bg.png]
[responsiveexpert.com/themes/alamben/html/img/select-arrow.png]
[responsiveexpert.com/themes/alamben/html/img/search.png]
[responsiveexpert.com/themes/alamben/html/css/style.css]
[responsiveexpert.com/themes/alamben/html/css/fonts/poppins.css]
[responsiveexpert.com/themes/alamben/html/css/fonts/open-sans.css]
[responsiveexpert.com/themes/alamben/html/css/fonts/lato.css]
[responsiveexpert.com/themes/alamben/html/img/member-1.jpg]
[responsiveexpert.com/themes/alamben/html/img/member-2.jpg]
[responsiveexpert.com/themes/alamben/html/img/member-3.jpg]
[responsiveexpert.com/themes/alamben/html/js/map-settings.js]
[responsiveexpert.com/themes/alamben/html/one-page.html]
[responsiveexpert.com/themes/alamben/html/js/jquery.particleground.js]
[responsiveexpert.com/themes/alamben/html/js/particle.js]
[responsiveexpert.com/themes/alamben/html/index-1.html]
[responsiveexpert.com/themes/alamben/html/one-page-1.html]
[responsiveexpert.com/themes/alamben/html/about.html]
[responsiveexpert.com/themes/alamben/html/services.html]
[responsiveexpert.com/themes/alamben/html/pricing.html]
[responsiveexpert.com/themes/alamben/html/img/blog-4.jpg]
[responsiveexpert.com/themes/alamben/html/img/blog-5.jpg]
[responsiveexpert.com/themes/alamben/html/img/blog-6.jpg]
[responsiveexpert.com/themes/alamben/html/img/blog-7.jpg]
[responsiveexpert.com/themes/alamben/html/img/blog-8.jpg]
[responsiveexpert.com/themes/alamben/html/img/blog-9.jpg]
[responsiveexpert.com/themes/alamben/html/img/blog-10.jpg]
[responsiveexpert.com/themes/alamben/html/img/blog-11.jpg]
[responsiveexpert.com/themes/alamben/html/img/blog-12.jpg]
[responsiveexpert.com/themes/alamben/html/blog.html]
[responsiveexpert.com/themes/alamben/html/img/flikr-1.jpg]
[responsiveexpert.com/themes/alamben/html/img/flikr-2.jpg]
[responsiveexpert.com/themes/alamben/html/img/flikr-3.jpg]
[responsiveexpert.com/themes/alamben/html/img/flikr-4.jpg]
[responsiveexpert.com/themes/alamben/html/img/flikr-5.jpg]
[responsiveexpert.com/themes/alamben/html/img/flikr-6.jpg]
[responsiveexpert.com/themes/alamben/html/img/flikr-7.jpg]
[responsiveexpert.com/themes/alamben/html/img/flikr-8.jpg]
[responsiveexpert.com/themes/alamben/html/blog-detail.html]
[responsiveexpert.com/themes/alamben/html/typography.html]
[responsiveexpert.com/themes/alamben/html/img/blog-2.jpg]
[responsiveexpert.com/themes/alamben/html/img/blog-3.jpg]
[responsiveexpert.com/themes/alamben/html/shortcodes.html]
[responsiveexpert.com/themes/alamben/html/contact.html]
[responsiveexpert.com/themes/alamben/html/single-article.html]
[responsiveexpert.com/themes/alamben/html/potfolio.html]
[responsiveexpert.com/themes/alamben/html/fonts/glyphicons-halflings-regular.html]
[responsiveexpert.com/themes/alamben/html/fonts/glyphicons-halflings-regulard41d.html]
[responsiveexpert.com/themes/alamben/html/fonts/glyphicons-halflings-regular-2.html]
[responsiveexpert.com/themes/alamben/html/fonts/glyphicons-halflings-regular-3.html]
[responsiveexpert.com/themes/alamben/html/fonts/glyphicons-halflings-regular-4.html]
[responsiveexpert.com/themes/alamben/html/fonts/glyphicons-halflings-regular-5.html]
[responsiveexpert.com/themes/alamben/html/font-awesome/fonts/fontawesome-webfont5b62.html]
[responsiveexpert.com/themes/alamben/html/font-awesome/fonts/fontawesome-webfont5b62.svg]
[responsiveexpert.com/themes/alamben/html/img/hr-spec.html]
[responsiveexpert.com/themes/alamben/html/img/blog-6.jpg]
[responsiveexpert.com/themes/alamben/html/img/thought-2.html]
[responsiveexpert.com/themes/alamben/html/img/thought-3.html]
[responsiveexpert.com/themes/alamben/html/img/thought-4.html]
